// Jest Snapshot v1, https://goo.gl/fbAQLP

exports[`renders correctly 1`] = `
<StackNavigator>
  <Screen
    component={[Function]}
    name="Home"
  />
</StackNavigator>
`;
